// Jest Snapshot v1, https://goo.gl/fbAQLP

exports[`should render ExpenseList with empty message 1`] = `
ShallowWrapper {
  "length": 1,
}
`;

exports[`should render ExpenseList with expenses 1`] = `
ShallowWrapper {
  "length": 1,
}
`;
