// Jest Snapshot v1, https://goo.gl/fbAQLP

exports[`should render ExpenseForm correctly 1`] = `
ShallowWrapper {
  "length": 1,
}
`;

exports[`should render ExpenseForm correctly with expense data 1`] = `
ShallowWrapper {
  "length": 1,
}
`;

exports[`should render error for invalid form submission 1`] = `
ShallowWrapper {
  "length": 1,
}
`;

exports[`should render error for invalid form submission 2`] = `
ShallowWrapper {
  "length": 1,
}
`;
