// Jest Snapshot v1, https://goo.gl/fbAQLP

exports[`should correctly render ExpensesSummary with 1 expense 1`] = `
ShallowWrapper {
  "length": 1,
}
`;

exports[`should correctly render ExpensesSummary with multiple expenses 1`] = `
ShallowWrapper {
  "length": 1,
}
`;
